// Jest Snapshot v1, https://goo.gl/fbAQLP

exports[`Test Notification Component 1`] = `null`;
